// Jest Snapshot v1, https://goo.gl/fbAQLP

exports[`Body patterns 1`] = `
Object {
  "anonymous": /\\^__\\( \\+\\|\\)/,
  "bullet": /\\^\\[-\\+\\*\\\\u2022\\\\u2023\\\\u2043\\]\\( \\+\\|\\$\\)/,
  "doctest": /\\^>>>\\( \\+\\|\\$\\)/,
  "enumerator": /\\^\\(\\(\\\\\\(\\^\\(\\[0-9\\]\\+\\|\\[a-z\\]\\|\\[A-Z\\]\\|\\[ivxlcdm\\]\\+\\|\\[IVXLCDM\\]\\+\\|#\\)\\\\\\)\\)\\|\\(\\^\\(\\[0-9\\]\\+\\|\\[a-z\\]\\|\\[A-Z\\]\\|\\[ivxlcdm\\]\\+\\|\\[IVXLCDM\\]\\+\\|#\\)\\\\\\)\\)\\|\\(\\^\\(\\[0-9\\]\\+\\|\\[a-z\\]\\|\\[A-Z\\]\\|\\[ivxlcdm\\]\\+\\|\\[IVXLCDM\\]\\+\\|#\\)\\\\\\.\\)\\)\\( \\+\\|\\$\\)/,
  "explicit_markup": /\\^\\\\\\.\\\\\\.\\( \\+\\|\\$\\)/,
  "field_marker": /\\^:\\(\\?!\\[: \\]\\)\\(\\[\\^:\\\\\\\\\\]\\|\\\\\\\\\\.\\|:\\(\\?!\\(\\[ \`\\]\\|\\$\\)\\)\\)\\*\\(\\?<! \\):\\( \\+\\|\\$\\)/,
  "grid_table_top": /\\\\\\+-\\[-\\+\\]\\+-\\\\\\+ \\*\\$/,
  "line": /\\^\\(\\[!-\\\\/:-@\\[-\`\\{-~\\]\\)\\\\1\\* \\*\\$/,
  "line_block": /\\^\\\\\\|\\( \\+\\|\\$\\)/,
  "option_marker": /\\^\\(\\(-\\|\\\\\\+\\)\\[a-zA-Z0-9\\]\\( \\?\\(\\[a-zA-Z\\]\\[a-zA-Z0-9_-\\]\\*\\|<\\[\\^<>\\]\\+>\\)\\)\\?\\|\\(--\\|\\\\/\\)\\[a-zA-Z0-9\\]\\[a-zA-Z0-9_-\\]\\*\\(\\[ =\\]\\(\\[a-zA-Z\\]\\[a-zA-Z0-9_-\\]\\*\\|<\\[\\^<>\\]\\+>\\)\\)\\?\\)\\(, \\(\\(-\\|\\\\\\+\\)\\[a-zA-Z0-9\\]\\( \\?\\(\\[a-zA-Z\\]\\[a-zA-Z0-9_-\\]\\*\\|<\\[\\^<>\\]\\+>\\)\\)\\?\\|\\(--\\|\\\\/\\)\\[a-zA-Z0-9\\]\\[a-zA-Z0-9_-\\]\\*\\(\\[ =\\]\\(\\[a-zA-Z\\]\\[a-zA-Z0-9_-\\]\\*\\|<\\[\\^<>\\]\\+>\\)\\)\\?\\)\\)\\*\\(  \\+\\| \\?\\$\\)/,
  "simple_table_top": /=\\+\\( \\+=\\+\\)\\+ \\*\\$/,
  "text": /\\(\\?:\\)/,
}
`;
